127.0.0.1 - - [04/Sep/2019:09:20:59 +0530] "GET / HTTP/1.1" 404 1074
0:0:0:0:0:0:0:1 - - [04/Sep/2019:09:21:00 +0530] "GET /FirstServletExample/from2.html HTTP/1.1" 304 -
0:0:0:0:0:0:0:1 - - [04/Sep/2019:09:21:07 +0530] "POST /FirstServletExample/Login HTTP/1.1" 302 -
0:0:0:0:0:0:0:1 - - [04/Sep/2019:09:21:07 +0530] "GET /FirstServletExample/form2.html HTTP/1.1" 404 1108
0:0:0:0:0:0:0:1 - - [04/Sep/2019:09:21:19 +0530] "POST /FirstServletExample/Login HTTP/1.1" 200 33
0:0:0:0:0:0:0:1 - - [04/Sep/2019:09:21:28 +0530] "POST /FirstServletExample/Login HTTP/1.1" 200 80
0:0:0:0:0:0:0:1 - - [04/Sep/2019:09:21:37 +0530] "POST /FirstServletExample/Login HTTP/1.1" 302 -
0:0:0:0:0:0:0:1 - - [04/Sep/2019:09:21:37 +0530] "GET /FirstServletExample/form2.html HTTP/1.1" 404 1108
127.0.0.1 - - [04/Sep/2019:09:22:25 +0530] "GET / HTTP/1.1" 404 1074
0:0:0:0:0:0:0:1 - - [04/Sep/2019:09:22:33 +0530] "POST /FirstServletExample/Login HTTP/1.1" 302 -
0:0:0:0:0:0:0:1 - - [04/Sep/2019:09:22:33 +0530] "GET /FirstServletExample/from2.html HTTP/1.1" 200 327
127.0.0.1 - - [04/Sep/2019:09:23:46 +0530] "GET / HTTP/1.1" 404 1074
0:0:0:0:0:0:0:1 - - [04/Sep/2019:09:23:51 +0530] "POST /FirstServletExample/Login HTTP/1.1" 302 -
0:0:0:0:0:0:0:1 - - [04/Sep/2019:09:23:51 +0530] "GET /FirstServletExample/from2.html HTTP/1.1" 200 327
0:0:0:0:0:0:0:1 - - [04/Sep/2019:09:24:27 +0530] "POST /FirstServletExample/Login HTTP/1.1" 302 -
0:0:0:0:0:0:0:1 - - [04/Sep/2019:09:24:27 +0530] "GET /FirstServletExample/from2.html HTTP/1.1" 200 327
0:0:0:0:0:0:0:1 - - [04/Sep/2019:09:24:33 +0530] "GET /FirstServletExample/from2.html HTTP/1.1" 304 -
0:0:0:0:0:0:0:1 - - [04/Sep/2019:09:24:33 +0530] "GET /FirstServletExample/form1.html HTTP/1.1" 404 1108
127.0.0.1 - - [04/Sep/2019:09:25:30 +0530] "GET / HTTP/1.1" 404 1074
0:0:0:0:0:0:0:1 - - [04/Sep/2019:09:25:35 +0530] "POST /FirstServletExample/Login HTTP/1.1" 200 381
127.0.0.1 - - [04/Sep/2019:09:28:14 +0530] "GET / HTTP/1.1" 404 1074
0:0:0:0:0:0:0:1 - - [04/Sep/2019:09:28:14 +0530] "GET /FirstServletExample/Login HTTP/1.1" 200 -
0:0:0:0:0:0:0:1 - - [04/Sep/2019:09:28:25 +0530] "GET /FirstServletExample/form2.html HTTP/1.1" 200 327
0:0:0:0:0:0:0:1 - - [04/Sep/2019:09:28:29 +0530] "POST /FirstServletExample/Login HTTP/1.1" 200 388
127.0.0.1 - - [04/Sep/2019:09:29:10 +0530] "GET / HTTP/1.1" 404 1074
0:0:0:0:0:0:0:1 - - [04/Sep/2019:09:29:10 +0530] "GET /FirstServletExample/Login HTTP/1.1" 200 -
0:0:0:0:0:0:0:1 - - [04/Sep/2019:09:29:44 +0530] "POST /FirstServletExample/Login HTTP/1.1" 200 394
127.0.0.1 - - [04/Sep/2019:09:30:34 +0530] "GET / HTTP/1.1" 404 1074
0:0:0:0:0:0:0:1 - - [04/Sep/2019:09:30:38 +0530] "POST /FirstServletExample/Login HTTP/1.1" 200 400
127.0.0.1 - - [04/Sep/2019:09:37:02 +0530] "GET / HTTP/1.1" 404 1074
0:0:0:0:0:0:0:1 - - [04/Sep/2019:09:37:06 +0530] "POST /FirstServletExample/Login HTTP/1.1" 200 327
0:0:0:0:0:0:0:1 - - [04/Sep/2019:09:37:14 +0530] "POST /FirstServletExample/Login HTTP/1.1" 200 327
0:0:0:0:0:0:0:1 - - [04/Sep/2019:09:37:27 +0530] "POST /FirstServletExample/Login HTTP/1.1" 200 327
127.0.0.1 - - [04/Sep/2019:09:37:49 +0530] "GET / HTTP/1.1" 404 1074
0:0:0:0:0:0:0:1 - - [04/Sep/2019:09:37:52 +0530] "POST /FirstServletExample/Login HTTP/1.1" 200 400
127.0.0.1 - - [04/Sep/2019:09:39:25 +0530] "GET / HTTP/1.1" 404 1074
0:0:0:0:0:0:0:1 - - [04/Sep/2019:09:39:42 +0530] "POST /FirstServletExample/Login HTTP/1.1" 200 80
0:0:0:0:0:0:0:1 - - [04/Sep/2019:09:39:56 +0530] "POST /FirstServletExample/Login HTTP/1.1" 200 400
127.0.0.1 - - [04/Sep/2019:09:40:32 +0530] "GET / HTTP/1.1" 404 1074
0:0:0:0:0:0:0:1 - - [04/Sep/2019:09:40:41 +0530] "POST /FirstServletExample/Login HTTP/1.1" 200 33
0:0:0:0:0:0:0:1 - - [04/Sep/2019:09:40:46 +0530] "POST /FirstServletExample/Login HTTP/1.1" 200 80
0:0:0:0:0:0:0:1 - - [04/Sep/2019:09:40:53 +0530] "POST /FirstServletExample/Login HTTP/1.1" 200 327
127.0.0.1 - - [04/Sep/2019:09:41:23 +0530] "GET / HTTP/1.1" 404 1074
0:0:0:0:0:0:0:1 - - [04/Sep/2019:09:41:23 +0530] "GET /FirstServletExample/Login HTTP/1.1" 200 -
0:0:0:0:0:0:0:1 - - [04/Sep/2019:09:41:29 +0530] "POST /FirstServletExample/Login HTTP/1.1" 200 400
0:0:0:0:0:0:0:1 - - [04/Sep/2019:09:41:44 +0530] "POST /FirstServletExample/Login HTTP/1.1" 200 80
0:0:0:0:0:0:0:1 - - [04/Sep/2019:09:43:18 +0530] "POST /FirstServletExample/Login HTTP/1.1" 200 80
0:0:0:0:0:0:0:1 - - [04/Sep/2019:09:43:24 +0530] "POST /FirstServletExample/Login HTTP/1.1" 302 -
127.0.0.1 - - [04/Sep/2019:11:37:35 +0530] "GET / HTTP/1.1" 404 1074
0:0:0:0:0:0:0:1 - - [04/Sep/2019:11:37:36 +0530] "GET /ServletConfigExample/servlet/servletconfig.ConfigServlet HTTP/1.1" 404 1138
127.0.0.1 - - [04/Sep/2019:11:45:54 +0530] "GET / HTTP/1.1" 404 1074
0:0:0:0:0:0:0:1 - - [04/Sep/2019:11:45:54 +0530] "GET /ServletConfigExample/ConfigServlet HTTP/1.1" 405 1116
127.0.0.1 - - [04/Sep/2019:11:46:57 +0530] "GET / HTTP/1.1" 404 1074
0:0:0:0:0:0:0:1 - - [04/Sep/2019:11:46:57 +0530] "GET /ServletConfigExample/ConfigServlet HTTP/1.1" 200 21
0:0:0:0:0:0:0:1 - - [04/Sep/2019:11:51:47 +0530] "GET /ServletConfigExample/ConfigServlet HTTP/1.1" 200 21
127.0.0.1 - - [04/Sep/2019:12:14:22 +0530] "GET / HTTP/1.1" 404 1074
0:0:0:0:0:0:0:1 - - [04/Sep/2019:12:14:23 +0530] "GET /ServletConfigExample/ConfigServlet HTTP/1.1" 200 35
127.0.0.1 - - [04/Sep/2019:12:16:23 +0530] "GET / HTTP/1.1" 404 1074
0:0:0:0:0:0:0:1 - - [04/Sep/2019:12:16:24 +0530] "GET /ServletConfigExample/ConfigServlet HTTP/1.1" 200 35
127.0.0.1 - - [04/Sep/2019:12:18:41 +0530] "GET / HTTP/1.1" 404 1074
0:0:0:0:0:0:0:1 - - [04/Sep/2019:12:18:42 +0530] "GET /ServletConfigExample/ConfigServlet HTTP/1.1" 200 35
127.0.0.1 - - [04/Sep/2019:12:36:04 +0530] "GET / HTTP/1.1" 404 1074
0:0:0:0:0:0:0:1 - - [04/Sep/2019:12:36:04 +0530] "GET /ServletConfigExample/TestContext HTTP/1.1" 200 50
127.0.0.1 - - [04/Sep/2019:12:39:27 +0530] "GET / HTTP/1.1" 404 1074
0:0:0:0:0:0:0:1 - - [04/Sep/2019:12:39:28 +0530] "GET /ServletConfigExample/servlet/testcontext.ConfigServlet HTTP/1.1" 404 1136
0:0:0:0:0:0:0:1 - - [04/Sep/2019:12:40:39 +0530] "GET /ServletConfigExample/servlet/testcontext.ConfigServlet HTTP/1.1" 404 1136
127.0.0.1 - - [04/Sep/2019:12:41:03 +0530] "GET / HTTP/1.1" 404 1074
0:0:0:0:0:0:0:1 - - [04/Sep/2019:12:41:04 +0530] "GET /ServletConfigExample/ConfigServlet HTTP/1.1" 200 50
127.0.0.1 - - [04/Sep/2019:12:43:48 +0530] "GET / HTTP/1.1" 404 1074
0:0:0:0:0:0:0:1 - - [04/Sep/2019:12:43:49 +0530] "GET /ServletConfigExample/servlet/servletconfig.ConfigServlet HTTP/1.1" 404 1138
127.0.0.1 - - [04/Sep/2019:12:45:06 +0530] "GET / HTTP/1.1" 404 1074
0:0:0:0:0:0:0:1 - - [04/Sep/2019:12:45:06 +0530] "GET /ServletConfigExample/servlet/servletconfig.ConfigServlet HTTP/1.1" 404 1138
127.0.0.1 - - [04/Sep/2019:12:49:36 +0530] "GET / HTTP/1.1" 404 1074
0:0:0:0:0:0:0:1 - - [04/Sep/2019:12:49:37 +0530] "GET /ServletConfigExample/ConfigServlet HTTP/1.1" 200 62
127.0.0.1 - - [04/Sep/2019:12:52:27 +0530] "GET / HTTP/1.1" 404 1074
0:0:0:0:0:0:0:1 - - [04/Sep/2019:12:52:27 +0530] "GET /ServletConfigExample/ConfigServlet HTTP/1.1" 200 62
127.0.0.1 - - [04/Sep/2019:12:54:21 +0530] "GET / HTTP/1.1" 404 1074
0:0:0:0:0:0:0:1 - - [04/Sep/2019:12:54:21 +0530] "GET /ServletConfigExample/ConfigServlet HTTP/1.1" 200 43
127.0.0.1 - - [04/Sep/2019:12:54:54 +0530] "GET / HTTP/1.1" 404 1074
0:0:0:0:0:0:0:1 - - [04/Sep/2019:12:54:55 +0530] "GET /ServletConfigExample/ConfigServlet HTTP/1.1" 200 41
127.0.0.1 - - [04/Sep/2019:12:55:37 +0530] "GET / HTTP/1.1" 404 1074
0:0:0:0:0:0:0:1 - - [04/Sep/2019:12:55:37 +0530] "GET /ServletConfigExample/ConfigServlet HTTP/1.1" 200 49
127.0.0.1 - - [04/Sep/2019:12:56:33 +0530] "GET / HTTP/1.1" 404 1074
0:0:0:0:0:0:0:1 - - [04/Sep/2019:12:56:34 +0530] "GET /ServletConfigExample/ConfigServlet HTTP/1.1" 200 53
0:0:0:0:0:0:0:1 - - [04/Sep/2019:13:03:32 +0530] "GET /ServletConfigExample/ConfigServlet HTTP/1.1" 200 53
127.0.0.1 - - [04/Sep/2019:14:19:07 +0530] "GET / HTTP/1.1" 404 1074
0:0:0:0:0:0:0:1 - - [04/Sep/2019:14:19:08 +0530] "GET /ServletConfigExample/ConfigServlet1 HTTP/1.1" 200 50
0:0:0:0:0:0:0:1 - - [04/Sep/2019:14:19:18 +0530] "GET /ServletConfigExample/TestContext HTTP/1.1" 200 50
127.0.0.1 - - [04/Sep/2019:14:21:09 +0530] "GET / HTTP/1.1" 404 1074
0:0:0:0:0:0:0:1 - - [04/Sep/2019:14:21:09 +0530] "GET /ServletConfigExample/ConfigServlet HTTP/1.1" 200 53
127.0.0.1 - - [04/Sep/2019:14:44:21 +0530] "GET / HTTP/1.1" 404 1074
0:0:0:0:0:0:0:1 - - [04/Sep/2019:14:44:21 +0530] "GET /ServletConfigExample/ConfigServlet1 HTTP/1.1" 200 50
0:0:0:0:0:0:0:1 - - [04/Sep/2019:14:44:32 +0530] "GET /ServletConfigExample/TestContext HTTP/1.1" 200 50
0:0:0:0:0:0:0:1 - - [04/Sep/2019:14:44:39 +0530] "GET /ServletConfigExample/ConfigServlet HTTP/1.1" 200 53
127.0.0.1 - - [04/Sep/2019:14:54:52 +0530] "GET / HTTP/1.1" 404 1074
0:0:0:0:0:0:0:1 - - [04/Sep/2019:14:54:52 +0530] "GET /ServletPage/form2.html HTTP/1.1" 200 327
0:0:0:0:0:0:0:1 - - [04/Sep/2019:14:54:59 +0530] "POST /ServletPage/Login HTTP/1.1" 500 2099
0:0:0:0:0:0:0:1 - - [04/Sep/2019:14:55:39 +0530] "GET /ServletPage/servlet/servletpage.TestContext HTTP/1.1" 404 1125
127.0.0.1 - - [04/Sep/2019:14:56:58 +0530] "GET / HTTP/1.1" 404 1074
0:0:0:0:0:0:0:1 - - [04/Sep/2019:14:56:59 +0530] "GET /ServletPage/TestContext HTTP/1.1" 200 50
0:0:0:0:0:0:0:1 - - [04/Sep/2019:14:57:22 +0530] "GET /ServletPage/form2.html HTTP/1.1" 304 -
0:0:0:0:0:0:0:1 - - [04/Sep/2019:14:57:30 +0530] "POST /ServletPage/Login HTTP/1.1" 405 1113
127.0.0.1 - - [04/Sep/2019:14:59:04 +0530] "GET / HTTP/1.1" 404 1074
0:0:0:0:0:0:0:1 - - [04/Sep/2019:14:59:04 +0530] "GET /ServletPage/form2.html HTTP/1.1" 304 -
0:0:0:0:0:0:0:1 - - [04/Sep/2019:14:59:12 +0530] "POST /ServletPage/Login HTTP/1.1" 405 1117
127.0.0.1 - - [04/Sep/2019:15:01:44 +0530] "GET / HTTP/1.1" 404 1074
0:0:0:0:0:0:0:1 - - [04/Sep/2019:15:01:44 +0530] "GET /ServletPage/TestContext HTTP/1.1" 200 50
0:0:0:0:0:0:0:1 - - [04/Sep/2019:15:01:56 +0530] "GET /ServletPage/form2.html HTTP/1.1" 304 -
0:0:0:0:0:0:0:1 - - [04/Sep/2019:15:02:09 +0530] "POST /ServletPage/Login HTTP/1.1" 405 1117
127.0.0.1 - - [04/Sep/2019:15:03:00 +0530] "GET / HTTP/1.1" 404 1074
0:0:0:0:0:0:0:1 - - [04/Sep/2019:15:03:08 +0530] "POST /ServletPage/Login HTTP/1.1" 200 33
0:0:0:0:0:0:0:1 - - [04/Sep/2019:15:03:40 +0530] "POST /ServletPage/Login HTTP/1.1" 200 400
127.0.0.1 - - [04/Sep/2019:15:04:26 +0530] "GET / HTTP/1.1" 404 1074
0:0:0:0:0:0:0:1 - - [04/Sep/2019:15:04:26 +0530] "GET /ServletPage/TestContext HTTP/1.1" 405 1116
127.0.0.1 - - [04/Sep/2019:15:05:07 +0530] "GET / HTTP/1.1" 404 1074
0:0:0:0:0:0:0:1 - - [04/Sep/2019:15:05:07 +0530] "GET /ServletPage/TestContext HTTP/1.1" 200 50
127.0.0.1 - - [04/Sep/2019:15:08:02 +0530] "GET / HTTP/1.1" 404 1074
0:0:0:0:0:0:0:1 - - [04/Sep/2019:15:08:02 +0530] "GET /ServletPage/form2.html HTTP/1.1" 304 -
0:0:0:0:0:0:0:1 - - [04/Sep/2019:15:08:11 +0530] "POST /ServletPage/Login HTTP/1.1" 405 1113
0:0:0:0:0:0:0:1 - - [04/Sep/2019:15:08:25 +0530] "POST /ServletPage/Login HTTP/1.1" 200 33
127.0.0.1 - - [04/Sep/2019:15:40:26 +0530] "GET / HTTP/1.1" 404 1074
0:0:0:0:0:0:0:1 - - [04/Sep/2019:15:40:26 +0530] "GET /TestCookiesExample/index.html HTTP/1.1" 200 313
0:0:0:0:0:0:0:1 - - [04/Sep/2019:15:40:49 +0530] "POST /TestCookiesExample/SecondServlet HTTP/1.1" 302 -
0:0:0:0:0:0:0:1 - - [04/Sep/2019:15:40:49 +0530] "GET /TestCookiesExample/CookieServlet HTTP/1.1" 200 13
0:0:0:0:0:0:0:1 - - [04/Sep/2019:15:41:40 +0530] "POST /TestCookiesExample/SecondServlet HTTP/1.1" 200 -
0:0:0:0:0:0:0:1 - - [04/Sep/2019:15:41:46 +0530] "POST /TestCookiesExample/SecondServlet HTTP/1.1" 302 -
0:0:0:0:0:0:0:1 - - [04/Sep/2019:15:41:46 +0530] "GET /TestCookiesExample/CookieServlet HTTP/1.1" 200 15
0:0:0:0:0:0:0:1 - - [04/Sep/2019:15:49:37 +0530] "GET /TestCookiesExample/index.html HTTP/1.1" 304 -
0:0:0:0:0:0:0:1 - - [04/Sep/2019:15:49:41 +0530] "POST /TestCookiesExample/SecondServlet HTTP/1.1" 302 -
0:0:0:0:0:0:0:1 - - [04/Sep/2019:15:49:41 +0530] "GET /TestCookiesExample/CookieServlet HTTP/1.1" 200 15
0:0:0:0:0:0:0:1 - - [04/Sep/2019:15:54:20 +0530] "GET /ServletPage/form2.html HTTP/1.1" 304 -
0:0:0:0:0:0:0:1 - - [04/Sep/2019:15:54:25 +0530] "POST /ServletPage/Login HTTP/1.1" 200 33
0:0:0:0:0:0:0:1 - - [04/Sep/2019:15:54:31 +0530] "POST /ServletPage/Login HTTP/1.1" 405 1113
127.0.0.1 - - [04/Sep/2019:15:55:23 +0530] "GET / HTTP/1.1" 404 1074
0:0:0:0:0:0:0:1 - - [04/Sep/2019:15:55:30 +0530] "POST /ServletPage/Login HTTP/1.1" 405 1117
127.0.0.1 - - [04/Sep/2019:15:59:57 +0530] "GET / HTTP/1.1" 404 1074
0:0:0:0:0:0:0:1 - - [04/Sep/2019:16:00:05 +0530] "POST /ServletPage/Login HTTP/1.1" 405 1117
127.0.0.1 - - [04/Sep/2019:16:12:25 +0530] "GET / HTTP/1.1" 404 1074
0:0:0:0:0:0:0:1 - - [04/Sep/2019:16:12:25 +0530] "GET /ServletPage/form2.html HTTP/1.1" 200 327
0:0:0:0:0:0:0:1 - - [04/Sep/2019:16:12:47 +0530] "POST /ServletPage/Login HTTP/1.1" 405 1113
127.0.0.1 - - [04/Sep/2019:16:14:16 +0530] "GET / HTTP/1.1" 404 1074
0:0:0:0:0:0:0:1 - - [04/Sep/2019:16:14:17 +0530] "GET /ServletPage/form2.html HTTP/1.1" 200 326
0:0:0:0:0:0:0:1 - - [04/Sep/2019:16:14:24 +0530] "GET /ServletPage/Login?username=Archit&password=login&Login=Submit+Query HTTP/1.1" 200 50
127.0.0.1 - - [04/Sep/2019:16:15:35 +0530] "GET / HTTP/1.1" 404 1074
0:0:0:0:0:0:0:1 - - [04/Sep/2019:16:15:36 +0530] "GET /ServletPage/form2.html HTTP/1.1" 304 -
0:0:0:0:0:0:0:1 - - [04/Sep/2019:16:15:43 +0530] "GET /ServletPage/Login?username=Archit&password=login&Login=Submit+Query HTTP/1.1" 200 50
127.0.0.1 - - [04/Sep/2019:16:16:51 +0530] "GET / HTTP/1.1" 404 1074
0:0:0:0:0:0:0:1 - - [04/Sep/2019:16:16:52 +0530] "GET /ServletPage/form2.html HTTP/1.1" 304 -
0:0:0:0:0:0:0:1 - - [04/Sep/2019:16:17:04 +0530] "GET /ServletPage/Login?username=Archit&password=login&Login=Submit+Query HTTP/1.1" 200 50
127.0.0.1 - - [04/Sep/2019:16:18:53 +0530] "GET / HTTP/1.1" 404 1074
0:0:0:0:0:0:0:1 - - [04/Sep/2019:16:18:54 +0530] "GET /ServletPage/form2.html HTTP/1.1" 304 -
0:0:0:0:0:0:0:1 - - [04/Sep/2019:16:19:01 +0530] "GET /ServletPage/Login?username=Archit&password=login&Login=Submit+Query HTTP/1.1" 200 77
127.0.0.1 - - [04/Sep/2019:16:21:22 +0530] "GET / HTTP/1.1" 404 1074
0:0:0:0:0:0:0:1 - - [04/Sep/2019:16:21:23 +0530] "GET /ServletPage/form2.html HTTP/1.1" 304 -
0:0:0:0:0:0:0:1 - - [04/Sep/2019:16:21:32 +0530] "GET /ServletPage/Login?username=Archit&password=login&Login=Submit+Query HTTP/1.1" 200 115
127.0.0.1 - - [04/Sep/2019:16:25:33 +0530] "GET / HTTP/1.1" 404 1074
0:0:0:0:0:0:0:1 - - [04/Sep/2019:16:25:34 +0530] "GET /ServletPage/form2.html HTTP/1.1" 304 -
0:0:0:0:0:0:0:1 - - [04/Sep/2019:16:25:41 +0530] "GET /ServletPage/Login?username=Archit&password=login&Login=Submit+Query HTTP/1.1" 200 89
127.0.0.1 - - [04/Sep/2019:16:28:15 +0530] "GET / HTTP/1.1" 404 1074
0:0:0:0:0:0:0:1 - - [04/Sep/2019:16:28:15 +0530] "GET /ServletPage/TestContext HTTP/1.1" 200 144
127.0.0.1 - - [04/Sep/2019:16:29:09 +0530] "GET / HTTP/1.1" 404 1074
0:0:0:0:0:0:0:1 - - [04/Sep/2019:16:29:10 +0530] "GET /ServletPage/form2.html HTTP/1.1" 304 -
0:0:0:0:0:0:0:1 - - [04/Sep/2019:16:29:17 +0530] "GET /ServletPage/Login?username=Archit&password=login&Login=Submit+Query HTTP/1.1" 200 150
127.0.0.1 - - [04/Sep/2019:16:39:59 +0530] "GET / HTTP/1.1" 404 1074
0:0:0:0:0:0:0:1 - - [04/Sep/2019:16:39:59 +0530] "GET /TestCookiesExample/Second HTTP/1.1" 200 11
0:0:0:0:0:0:0:1 - - [04/Sep/2019:16:40:17 +0530] "GET /TestCookiesExample/index.html HTTP/1.1" 304 -
0:0:0:0:0:0:0:1 - - [04/Sep/2019:16:40:26 +0530] "POST /TestCookiesExample/SecondServlet HTTP/1.1" 200 -
0:0:0:0:0:0:0:1 - - [04/Sep/2019:16:40:59 +0530] "POST /TestCookiesExample/SecondServlet HTTP/1.1" 200 -
0:0:0:0:0:0:0:1 - - [04/Sep/2019:16:42:00 +0530] "POST /TestCookiesExample/SecondServlet HTTP/1.1" 200 -
0:0:0:0:0:0:0:1 - - [04/Sep/2019:16:42:26 +0530] "POST /TestCookiesExample/SecondServlet HTTP/1.1" 200 -
0:0:0:0:0:0:0:1 - - [04/Sep/2019:16:44:18 +0530] "POST /TestCookiesExample/SecondServlet HTTP/1.1" 200 -
0:0:0:0:0:0:0:1 - - [04/Sep/2019:16:45:57 +0530] "POST /TestCookiesExample/SecondServlet HTTP/1.1" 200 -
